cognition_bench: case=adaptation scale=Medium seed=20014 threads=80 out=results/cognition_bench/20260706T104525Z/saturate/adaptation_medium_seed20014.jsonl
wrote 1 results (1 passed) in 3256.58s
	Command being timed: "./target/release/cognition_bench --case adaptation --scale medium --seed 20014 --out results/cognition_bench/20260706T104525Z/saturate/adaptation_medium_seed20014.jsonl"
	User time (seconds): 3256.51
	System time (seconds): 0.02
	Percent of CPU this job got: 99%
	Elapsed (wall clock) time (h:mm:ss or m:ss): 54:16.58
	Average shared text size (kbytes): 0
	Average unshared data size (kbytes): 0
	Average stack size (kbytes): 0
	Average total size (kbytes): 0
	Maximum resident set size (kbytes): 3840
	Average resident set size (kbytes): 0
	Major (requiring I/O) page faults: 0
	Minor (reclaiming a frame) page faults: 702
	Voluntary context switches: 5
	Involuntary context switches: 1735
	Swaps: 0
	File system inputs: 0
	File system outputs: 24
	Socket messages sent: 0
	Socket messages received: 0
	Signals delivered: 0
	Page size (bytes): 4096
	Exit status: 0
