cognition_bench: case=memory-pressure scale=Medium seed=10029 threads=80 out=results/cognition_bench/20260706T104525Z/saturate/memory-pressure_medium_seed10029.jsonl
wrote 1 results (1 passed) in 482.91s
	Command being timed: "./target/release/cognition_bench --case memory-pressure --scale medium --seed 10029 --out results/cognition_bench/20260706T104525Z/saturate/memory-pressure_medium_seed10029.jsonl"
	User time (seconds): 482.82
	System time (seconds): 0.05
	Percent of CPU this job got: 99%
	Elapsed (wall clock) time (h:mm:ss or m:ss): 8:02.91
	Average shared text size (kbytes): 0
	Average unshared data size (kbytes): 0
	Average stack size (kbytes): 0
	Average total size (kbytes): 0
	Maximum resident set size (kbytes): 16640
	Average resident set size (kbytes): 0
	Major (requiring I/O) page faults: 0
	Minor (reclaiming a frame) page faults: 8069
	Voluntary context switches: 5
	Involuntary context switches: 478
	Swaps: 0
	File system inputs: 0
	File system outputs: 24
	Socket messages sent: 0
	Socket messages received: 0
	Signals delivered: 0
	Page size (bytes): 4096
	Exit status: 0
