cognition_bench: case=meta-reasoning scale=Max seed=30002 threads=80 out=results/cognition_bench/20260706T104525Z/saturate/meta-reasoning_max_seed30002.jsonl
wrote 1 results (1 passed) in 51.03s
	Command being timed: "./target/release/cognition_bench --case meta-reasoning --scale max --seed 30002 --out results/cognition_bench/20260706T104525Z/saturate/meta-reasoning_max_seed30002.jsonl"
	User time (seconds): 51.01
	System time (seconds): 0.00
	Percent of CPU this job got: 99%
	Elapsed (wall clock) time (h:mm:ss or m:ss): 0:51.03
	Average shared text size (kbytes): 0
	Average unshared data size (kbytes): 0
	Average stack size (kbytes): 0
	Average total size (kbytes): 0
	Maximum resident set size (kbytes): 3840
	Average resident set size (kbytes): 0
	Major (requiring I/O) page faults: 0
	Minor (reclaiming a frame) page faults: 552
	Voluntary context switches: 4
	Involuntary context switches: 325
	Swaps: 0
	File system inputs: 0
	File system outputs: 24
	Socket messages sent: 0
	Socket messages received: 0
	Signals delivered: 0
	Page size (bytes): 4096
	Exit status: 0
