nohup: ignoring input
launch ablation-matrix_max_remaining_seed91000 limit=90m --case ablation-matrix --scale max --seed 91000 --threads 80 --out results/cognition_bench/20260706T155717Z_remaining_capacity/ablation-matrix_max_remaining_seed91000.jsonl
launch ablation-matrix_max_remaining_seed91001 limit=90m --case ablation-matrix --scale max --seed 91001 --threads 80 --out results/cognition_bench/20260706T155717Z_remaining_capacity/ablation-matrix_max_remaining_seed91001.jsonl
launch ablation-matrix_max_remaining_seed91002 limit=90m --case ablation-matrix --scale max --seed 91002 --threads 80 --out results/cognition_bench/20260706T155717Z_remaining_capacity/ablation-matrix_max_remaining_seed91002.jsonl
launch ablation-matrix_max_remaining_seed91003 limit=90m --case ablation-matrix --scale max --seed 91003 --threads 80 --out results/cognition_bench/20260706T155717Z_remaining_capacity/ablation-matrix_max_remaining_seed91003.jsonl
launch temporal-abstraction_max_remaining_seed91100 limit=90m --case temporal-abstraction --scale max --seed 91100 --threads 80 --out results/cognition_bench/20260706T155717Z_remaining_capacity/temporal-abstraction_max_remaining_seed91100.jsonl
launch temporal-abstraction_max_remaining_seed91101 limit=90m --case temporal-abstraction --scale max --seed 91101 --threads 80 --out results/cognition_bench/20260706T155717Z_remaining_capacity/temporal-abstraction_max_remaining_seed91101.jsonl
launch temporal-abstraction_max_remaining_seed91102 limit=90m --case temporal-abstraction --scale max --seed 91102 --threads 80 --out results/cognition_bench/20260706T155717Z_remaining_capacity/temporal-abstraction_max_remaining_seed91102.jsonl
launch temporal-abstraction_max_remaining_seed91103 limit=90m --case temporal-abstraction --scale max --seed 91103 --threads 80 --out results/cognition_bench/20260706T155717Z_remaining_capacity/temporal-abstraction_max_remaining_seed91103.jsonl
launch autonomy-budget_max_remaining_seed91200 limit=90m --case autonomy-budget --scale max --seed 91200 --threads 80 --out results/cognition_bench/20260706T155717Z_remaining_capacity/autonomy-budget_max_remaining_seed91200.jsonl
launch autonomy-budget_max_remaining_seed91201 limit=90m --case autonomy-budget --scale max --seed 91201 --threads 80 --out results/cognition_bench/20260706T155717Z_remaining_capacity/autonomy-budget_max_remaining_seed91201.jsonl
launch autonomy-budget_max_remaining_seed91202 limit=90m --case autonomy-budget --scale max --seed 91202 --threads 80 --out results/cognition_bench/20260706T155717Z_remaining_capacity/autonomy-budget_max_remaining_seed91202.jsonl
launch autonomy-budget_max_remaining_seed91203 limit=90m --case autonomy-budget --scale max --seed 91203 --threads 80 --out results/cognition_bench/20260706T155717Z_remaining_capacity/autonomy-budget_max_remaining_seed91203.jsonl
launch meta-reasoning_max_remaining_seed91300 limit=90m --case meta-reasoning --scale max --seed 91300 --threads 80 --out results/cognition_bench/20260706T155717Z_remaining_capacity/meta-reasoning_max_remaining_seed91300.jsonl
launch meta-reasoning_max_remaining_seed91301 limit=90m --case meta-reasoning --scale max --seed 91301 --threads 80 --out results/cognition_bench/20260706T155717Z_remaining_capacity/meta-reasoning_max_remaining_seed91301.jsonl
launch meta-reasoning_max_remaining_seed91302 limit=90m --case meta-reasoning --scale max --seed 91302 --threads 80 --out results/cognition_bench/20260706T155717Z_remaining_capacity/meta-reasoning_max_remaining_seed91302.jsonl
launch meta-reasoning_max_remaining_seed91303 limit=90m --case meta-reasoning --scale max --seed 91303 --threads 80 --out results/cognition_bench/20260706T155717Z_remaining_capacity/meta-reasoning_max_remaining_seed91303.jsonl
launch memory-pressure_medium_remaining_seed91400 limit=2h --case memory-pressure --scale medium --seed 91400 --threads 80 --out results/cognition_bench/20260706T155717Z_remaining_capacity/memory-pressure_medium_remaining_seed91400.jsonl
launch memory-pressure_medium_remaining_seed91401 limit=2h --case memory-pressure --scale medium --seed 91401 --threads 80 --out results/cognition_bench/20260706T155717Z_remaining_capacity/memory-pressure_medium_remaining_seed91401.jsonl
cluster=20260706T155717Z_remaining_capacity launched=18 pid_file=logs/20260706T155717Z_remaining_capacity/pids.txt
