nohup: ignoring input
cognition_bench: case=ablation-matrix scale=Max seed=1 threads=80 out=results/cognition_bench/20260706T104525Z/ablation-matrix_max_seed1.jsonl
wrote 7 results (7 passed) in 0.01s
	Command being timed: "./target/release/cognition_bench --case ablation-matrix --scale max --seed 1 --out results/cognition_bench/20260706T104525Z/ablation-matrix_max_seed1.jsonl"
	User time (seconds): 0.00
	System time (seconds): 0.00
	Percent of CPU this job got: 88%
	Elapsed (wall clock) time (h:mm:ss or m:ss): 0:00.00
	Average shared text size (kbytes): 0
	Average unshared data size (kbytes): 0
	Average stack size (kbytes): 0
	Average total size (kbytes): 0
	Maximum resident set size (kbytes): 3840
	Average resident set size (kbytes): 0
	Major (requiring I/O) page faults: 0
	Minor (reclaiming a frame) page faults: 287
	Voluntary context switches: 5
	Involuntary context switches: 0
	Swaps: 0
	File system inputs: 0
	File system outputs: 8
	Socket messages sent: 0
	Socket messages received: 0
	Signals delivered: 0
	Page size (bytes): 4096
	Exit status: 0
