cognition_bench: case=adaptation scale=Medium seed=42 threads=80 out=results/cognition_bench/20260706T104525Z/adaptation_medium_seed42.jsonl
wrote 1 results (1 passed) in 3170.99s
	Command being timed: "./target/release/cognition_bench --case adaptation --scale medium --seed 42 --out results/cognition_bench/20260706T104525Z/adaptation_medium_seed42.jsonl"
	User time (seconds): 3170.79
	System time (seconds): 0.04
	Percent of CPU this job got: 99%
	Elapsed (wall clock) time (h:mm:ss or m:ss): 52:50.99
	Average shared text size (kbytes): 0
	Average unshared data size (kbytes): 0
	Average stack size (kbytes): 0
	Average total size (kbytes): 0
	Maximum resident set size (kbytes): 3840
	Average resident set size (kbytes): 0
	Major (requiring I/O) page faults: 0
	Minor (reclaiming a frame) page faults: 633
	Voluntary context switches: 5
	Involuntary context switches: 2755
	Swaps: 0
	File system inputs: 0
	File system outputs: 24
	Socket messages sent: 0
	Socket messages received: 0
	Signals delivered: 0
	Page size (bytes): 4096
	Exit status: 0
