cognition_bench: case=chaos-run scale=Medium seed=42 threads=80 out=results/cognition_bench/20260706T104525Z/chaos-run_medium_seed42_90m.jsonl
wrote 91 results (91 passed) in 5626.98s
	Command being timed: "./target/release/cognition_bench --case chaos-run --scale medium --seed 42 --duration-minutes 90 --out results/cognition_bench/20260706T104525Z/chaos-run_medium_seed42_90m.jsonl"
	User time (seconds): 5626.81
	System time (seconds): 0.07
	Percent of CPU this job got: 99%
	Elapsed (wall clock) time (h:mm:ss or m:ss): 1:33:46
	Average shared text size (kbytes): 0
	Average unshared data size (kbytes): 0
	Average stack size (kbytes): 0
	Average total size (kbytes): 0
	Maximum resident set size (kbytes): 16640
	Average resident set size (kbytes): 0
	Major (requiring I/O) page faults: 0
	Minor (reclaiming a frame) page faults: 15120
	Voluntary context switches: 5
	Involuntary context switches: 3523
	Swaps: 0
	File system inputs: 0
	File system outputs: 80
	Socket messages sent: 0
	Socket messages received: 0
	Signals delivered: 0
	Page size (bytes): 4096
	Exit status: 0
