cognition_bench: case=memory-pressure scale=Large seed=1337 threads=80 out=results/cognition_bench/20260706T104525Z/memory-pressure_large_seed1337.jsonl
wrote 1 results (1 passed) in 4207.81s
	Command being timed: "./target/release/cognition_bench --case memory-pressure --scale large --seed 1337 --out results/cognition_bench/20260706T104525Z/memory-pressure_large_seed1337.jsonl"
	User time (seconds): 4207.01
	System time (seconds): 0.74
	Percent of CPU this job got: 99%
	Elapsed (wall clock) time (h:mm:ss or m:ss): 1:10:07
	Average shared text size (kbytes): 0
	Average unshared data size (kbytes): 0
	Average stack size (kbytes): 0
	Average total size (kbytes): 0
	Maximum resident set size (kbytes): 147840
	Average resident set size (kbytes): 0
	Major (requiring I/O) page faults: 0
	Minor (reclaiming a frame) page faults: 112015
	Voluntary context switches: 6
	Involuntary context switches: 2262
	Swaps: 0
	File system inputs: 0
	File system outputs: 24
	Socket messages sent: 0
	Socket messages received: 0
	Signals delivered: 0
	Page size (bytes): 4096
	Exit status: 0
