cognition_bench: case=qa-depth scale=Max seed=9001 threads=80 out=results/cognition_bench/20260706T104525Z/qa-depth_max_seed9001.jsonl
wrote 5 results (5 passed) in 22.24s
	Command being timed: "./target/release/cognition_bench --case qa-depth --scale max --seed 9001 --out results/cognition_bench/20260706T104525Z/qa-depth_max_seed9001.jsonl"
	User time (seconds): 22.24
	System time (seconds): 0.00
	Percent of CPU this job got: 99%
	Elapsed (wall clock) time (h:mm:ss or m:ss): 0:22.24
	Average shared text size (kbytes): 0
	Average unshared data size (kbytes): 0
	Average stack size (kbytes): 0
	Average total size (kbytes): 0
	Maximum resident set size (kbytes): 3840
	Average resident set size (kbytes): 0
	Major (requiring I/O) page faults: 0
	Minor (reclaiming a frame) page faults: 844
	Voluntary context switches: 5
	Involuntary context switches: 16
	Swaps: 0
	File system inputs: 0
	File system outputs: 24
	Socket messages sent: 0
	Socket messages received: 0
	Signals delivered: 0
	Page size (bytes): 4096
	Exit status: 0
