nohup: ignoring input
cognition_bench: case=qa-depth scale=Max seed=1337 threads=80 out=results/cognition_bench/20260706T104525Z/qa-depth_max_seed1337.jsonl
wrote 5 results (5 passed) in 22.31s
	Command being timed: "./target/release/cognition_bench --case qa-depth --scale max --seed 1337 --out results/cognition_bench/20260706T104525Z/qa-depth_max_seed1337.jsonl"
	User time (seconds): 22.30
	System time (seconds): 0.01
	Percent of CPU this job got: 99%
	Elapsed (wall clock) time (h:mm:ss or m:ss): 0:22.31
	Average shared text size (kbytes): 0
	Average unshared data size (kbytes): 0
	Average stack size (kbytes): 0
	Average total size (kbytes): 0
	Maximum resident set size (kbytes): 3840
	Average resident set size (kbytes): 0
	Major (requiring I/O) page faults: 0
	Minor (reclaiming a frame) page faults: 1065
	Voluntary context switches: 5
	Involuntary context switches: 37
	Swaps: 0
	File system inputs: 0
	File system outputs: 16
	Socket messages sent: 0
	Socket messages received: 0
	Signals delivered: 0
	Page size (bytes): 4096
	Exit status: 0
