nohup: ignoring input
cognition_bench: case=temporal-abstraction scale=Max seed=42 threads=80 out=results/cognition_bench/20260706T104525Z/temporal-abstraction_max_seed42.jsonl
wrote 1 results (1 passed) in 0.03s
	Command being timed: "./target/release/cognition_bench --case temporal-abstraction --scale max --seed 42 --out results/cognition_bench/20260706T104525Z/temporal-abstraction_max_seed42.jsonl"
	User time (seconds): 0.02
	System time (seconds): 0.00
	Percent of CPU this job got: 96%
	Elapsed (wall clock) time (h:mm:ss or m:ss): 0:00.03
	Average shared text size (kbytes): 0
	Average unshared data size (kbytes): 0
	Average stack size (kbytes): 0
	Average total size (kbytes): 0
	Maximum resident set size (kbytes): 5120
	Average resident set size (kbytes): 0
	Major (requiring I/O) page faults: 0
	Minor (reclaiming a frame) page faults: 913
	Voluntary context switches: 5
	Involuntary context switches: 1
	Swaps: 0
	File system inputs: 0
	File system outputs: 8
	Socket messages sent: 0
	Socket messages received: 0
	Signals delivered: 0
	Page size (bytes): 4096
	Exit status: 0
