nohup: ignoring input
launch adaptation_medium_critical_seed90000 limit=90m --case adaptation --scale medium --seed 90000 --threads 80 --out results/cognition_bench/20260706T155344Z_critical_signal/adaptation_medium_critical_seed90000.jsonl
launch adaptation_medium_critical_seed90001 limit=90m --case adaptation --scale medium --seed 90001 --threads 80 --out results/cognition_bench/20260706T155344Z_critical_signal/adaptation_medium_critical_seed90001.jsonl
launch adaptation_medium_critical_seed90002 limit=90m --case adaptation --scale medium --seed 90002 --threads 80 --out results/cognition_bench/20260706T155344Z_critical_signal/adaptation_medium_critical_seed90002.jsonl
launch adaptation_medium_critical_seed90003 limit=90m --case adaptation --scale medium --seed 90003 --threads 80 --out results/cognition_bench/20260706T155344Z_critical_signal/adaptation_medium_critical_seed90003.jsonl
launch adaptation_large_critical_seed90100 limit=3h --case adaptation --scale large --seed 90100 --threads 80 --out results/cognition_bench/20260706T155344Z_critical_signal/adaptation_large_critical_seed90100.jsonl
launch adaptation_large_critical_seed90101 limit=3h --case adaptation --scale large --seed 90101 --threads 80 --out results/cognition_bench/20260706T155344Z_critical_signal/adaptation_large_critical_seed90101.jsonl
launch memory-pressure_large_critical_seed90200 limit=3h --case memory-pressure --scale large --seed 90200 --threads 80 --out results/cognition_bench/20260706T155344Z_critical_signal/memory-pressure_large_critical_seed90200.jsonl
launch memory-pressure_large_critical_seed90201 limit=3h --case memory-pressure --scale large --seed 90201 --threads 80 --out results/cognition_bench/20260706T155344Z_critical_signal/memory-pressure_large_critical_seed90201.jsonl
launch memory-pressure_large_critical_seed90202 limit=3h --case memory-pressure --scale large --seed 90202 --threads 80 --out results/cognition_bench/20260706T155344Z_critical_signal/memory-pressure_large_critical_seed90202.jsonl
launch memory-pressure_large_critical_seed90203 limit=3h --case memory-pressure --scale large --seed 90203 --threads 80 --out results/cognition_bench/20260706T155344Z_critical_signal/memory-pressure_large_critical_seed90203.jsonl
launch memory-pressure_large_critical_seed90204 limit=3h --case memory-pressure --scale large --seed 90204 --threads 80 --out results/cognition_bench/20260706T155344Z_critical_signal/memory-pressure_large_critical_seed90204.jsonl
launch memory-pressure_large_critical_seed90205 limit=3h --case memory-pressure --scale large --seed 90205 --threads 80 --out results/cognition_bench/20260706T155344Z_critical_signal/memory-pressure_large_critical_seed90205.jsonl
launch qa-depth_max_critical_seed90300 limit=2h --case qa-depth --scale max --seed 90300 --threads 80 --out results/cognition_bench/20260706T155344Z_critical_signal/qa-depth_max_critical_seed90300.jsonl
launch qa-depth_max_critical_seed90301 limit=2h --case qa-depth --scale max --seed 90301 --threads 80 --out results/cognition_bench/20260706T155344Z_critical_signal/qa-depth_max_critical_seed90301.jsonl
launch qa-depth_max_critical_seed90302 limit=2h --case qa-depth --scale max --seed 90302 --threads 80 --out results/cognition_bench/20260706T155344Z_critical_signal/qa-depth_max_critical_seed90302.jsonl
launch qa-depth_max_critical_seed90303 limit=2h --case qa-depth --scale max --seed 90303 --threads 80 --out results/cognition_bench/20260706T155344Z_critical_signal/qa-depth_max_critical_seed90303.jsonl
launch chaos-run_medium_critical_seed90400 limit=90m --case chaos-run --scale medium --duration-minutes 60 --seed 90400 --threads 80 --out results/cognition_bench/20260706T155344Z_critical_signal/chaos-run_medium_critical_seed90400.jsonl
launch chaos-run_medium_critical_seed90401 limit=90m --case chaos-run --scale medium --duration-minutes 60 --seed 90401 --threads 80 --out results/cognition_bench/20260706T155344Z_critical_signal/chaos-run_medium_critical_seed90401.jsonl
launch chaos-run_medium_critical_seed90402 limit=90m --case chaos-run --scale medium --duration-minutes 60 --seed 90402 --threads 80 --out results/cognition_bench/20260706T155344Z_critical_signal/chaos-run_medium_critical_seed90402.jsonl
launch chaos-run_medium_critical_seed90403 limit=90m --case chaos-run --scale medium --duration-minutes 60 --seed 90403 --threads 80 --out results/cognition_bench/20260706T155344Z_critical_signal/chaos-run_medium_critical_seed90403.jsonl
cluster=20260706T155344Z_critical_signal launched=20 pid_file=logs/20260706T155344Z_critical_signal/pids.txt
