nohup: ignoring input
launch adaptation_medium_manual_seed96000 limit=90m --case adaptation --scale medium --seed 96000 --threads 80 --out results/cognition_bench/20260706T170551Z_manual_priority/adaptation_medium_manual_seed96000.jsonl
launch adaptation_medium_manual_seed96001 limit=90m --case adaptation --scale medium --seed 96001 --threads 80 --out results/cognition_bench/20260706T170551Z_manual_priority/adaptation_medium_manual_seed96001.jsonl
launch adaptation_medium_manual_seed96002 limit=90m --case adaptation --scale medium --seed 96002 --threads 80 --out results/cognition_bench/20260706T170551Z_manual_priority/adaptation_medium_manual_seed96002.jsonl
launch adaptation_medium_manual_seed96003 limit=90m --case adaptation --scale medium --seed 96003 --threads 80 --out results/cognition_bench/20260706T170551Z_manual_priority/adaptation_medium_manual_seed96003.jsonl
launch adaptation_large_manual_seed96100 limit=4h --case adaptation --scale large --seed 96100 --threads 80 --out results/cognition_bench/20260706T170551Z_manual_priority/adaptation_large_manual_seed96100.jsonl
launch adaptation_large_manual_seed96101 limit=4h --case adaptation --scale large --seed 96101 --threads 80 --out results/cognition_bench/20260706T170551Z_manual_priority/adaptation_large_manual_seed96101.jsonl
launch chaos-run_medium_manual_seed96200 limit=90m --case chaos-run --scale medium --duration-minutes 60 --seed 96200 --threads 80 --out results/cognition_bench/20260706T170551Z_manual_priority/chaos-run_medium_manual_seed96200.jsonl
launch chaos-run_medium_manual_seed96201 limit=90m --case chaos-run --scale medium --duration-minutes 60 --seed 96201 --threads 80 --out results/cognition_bench/20260706T170551Z_manual_priority/chaos-run_medium_manual_seed96201.jsonl
launch chaos-run_medium_manual_seed96202 limit=90m --case chaos-run --scale medium --duration-minutes 60 --seed 96202 --threads 80 --out results/cognition_bench/20260706T170551Z_manual_priority/chaos-run_medium_manual_seed96202.jsonl
launch chaos-run_medium_manual_seed96203 limit=90m --case chaos-run --scale medium --duration-minutes 60 --seed 96203 --threads 80 --out results/cognition_bench/20260706T170551Z_manual_priority/chaos-run_medium_manual_seed96203.jsonl
launch ablation-matrix_max_manual_seed96300 limit=90m --case ablation-matrix --scale max --seed 96300 --threads 80 --out results/cognition_bench/20260706T170551Z_manual_priority/ablation-matrix_max_manual_seed96300.jsonl
launch ablation-matrix_max_manual_seed96301 limit=90m --case ablation-matrix --scale max --seed 96301 --threads 80 --out results/cognition_bench/20260706T170551Z_manual_priority/ablation-matrix_max_manual_seed96301.jsonl
launch ablation-matrix_max_manual_seed96302 limit=90m --case ablation-matrix --scale max --seed 96302 --threads 80 --out results/cognition_bench/20260706T170551Z_manual_priority/ablation-matrix_max_manual_seed96302.jsonl
launch ablation-matrix_max_manual_seed96303 limit=90m --case ablation-matrix --scale max --seed 96303 --threads 80 --out results/cognition_bench/20260706T170551Z_manual_priority/ablation-matrix_max_manual_seed96303.jsonl
launch qa-depth_max_manual_seed96400 limit=2h --case qa-depth --scale max --seed 96400 --threads 80 --out results/cognition_bench/20260706T170551Z_manual_priority/qa-depth_max_manual_seed96400.jsonl
launch qa-depth_max_manual_seed96401 limit=2h --case qa-depth --scale max --seed 96401 --threads 80 --out results/cognition_bench/20260706T170551Z_manual_priority/qa-depth_max_manual_seed96401.jsonl
launch qa-depth_max_manual_seed96402 limit=2h --case qa-depth --scale max --seed 96402 --threads 80 --out results/cognition_bench/20260706T170551Z_manual_priority/qa-depth_max_manual_seed96402.jsonl
launch qa-depth_max_manual_seed96403 limit=2h --case qa-depth --scale max --seed 96403 --threads 80 --out results/cognition_bench/20260706T170551Z_manual_priority/qa-depth_max_manual_seed96403.jsonl
cluster=20260706T170551Z_manual_priority launched=18 pid_file=logs/20260706T170551Z_manual_priority/pids.txt
