nohup: ignoring input
launch adaptation_medium_seed40000 limit=75m --case adaptation --scale medium --seed 40000 --threads 80 --out results/cognition_bench/20260706T141200Z_cluster2/adaptation_medium_seed40000.jsonl
launch adaptation_medium_seed40001 limit=75m --case adaptation --scale medium --seed 40001 --threads 80 --out results/cognition_bench/20260706T141200Z_cluster2/adaptation_medium_seed40001.jsonl
launch adaptation_medium_seed40002 limit=75m --case adaptation --scale medium --seed 40002 --threads 80 --out results/cognition_bench/20260706T141200Z_cluster2/adaptation_medium_seed40002.jsonl
launch adaptation_medium_seed40003 limit=75m --case adaptation --scale medium --seed 40003 --threads 80 --out results/cognition_bench/20260706T141200Z_cluster2/adaptation_medium_seed40003.jsonl
launch adaptation_medium_seed40004 limit=75m --case adaptation --scale medium --seed 40004 --threads 80 --out results/cognition_bench/20260706T141200Z_cluster2/adaptation_medium_seed40004.jsonl
launch adaptation_medium_seed40005 limit=75m --case adaptation --scale medium --seed 40005 --threads 80 --out results/cognition_bench/20260706T141200Z_cluster2/adaptation_medium_seed40005.jsonl
launch adaptation_medium_seed40006 limit=75m --case adaptation --scale medium --seed 40006 --threads 80 --out results/cognition_bench/20260706T141200Z_cluster2/adaptation_medium_seed40006.jsonl
launch adaptation_medium_seed40007 limit=75m --case adaptation --scale medium --seed 40007 --threads 80 --out results/cognition_bench/20260706T141200Z_cluster2/adaptation_medium_seed40007.jsonl
launch adaptation_medium_seed40008 limit=75m --case adaptation --scale medium --seed 40008 --threads 80 --out results/cognition_bench/20260706T141200Z_cluster2/adaptation_medium_seed40008.jsonl
launch adaptation_medium_seed40009 limit=75m --case adaptation --scale medium --seed 40009 --threads 80 --out results/cognition_bench/20260706T141200Z_cluster2/adaptation_medium_seed40009.jsonl
launch adaptation_medium_seed40010 limit=75m --case adaptation --scale medium --seed 40010 --threads 80 --out results/cognition_bench/20260706T141200Z_cluster2/adaptation_medium_seed40010.jsonl
launch adaptation_medium_seed40011 limit=75m --case adaptation --scale medium --seed 40011 --threads 80 --out results/cognition_bench/20260706T141200Z_cluster2/adaptation_medium_seed40011.jsonl
launch adaptation_medium_seed40012 limit=75m --case adaptation --scale medium --seed 40012 --threads 80 --out results/cognition_bench/20260706T141200Z_cluster2/adaptation_medium_seed40012.jsonl
launch adaptation_medium_seed40013 limit=75m --case adaptation --scale medium --seed 40013 --threads 80 --out results/cognition_bench/20260706T141200Z_cluster2/adaptation_medium_seed40013.jsonl
launch adaptation_medium_seed40014 limit=75m --case adaptation --scale medium --seed 40014 --threads 80 --out results/cognition_bench/20260706T141200Z_cluster2/adaptation_medium_seed40014.jsonl
launch adaptation_medium_seed40015 limit=75m --case adaptation --scale medium --seed 40015 --threads 80 --out results/cognition_bench/20260706T141200Z_cluster2/adaptation_medium_seed40015.jsonl
launch adaptation_medium_seed40016 limit=75m --case adaptation --scale medium --seed 40016 --threads 80 --out results/cognition_bench/20260706T141200Z_cluster2/adaptation_medium_seed40016.jsonl
launch adaptation_medium_seed40017 limit=75m --case adaptation --scale medium --seed 40017 --threads 80 --out results/cognition_bench/20260706T141200Z_cluster2/adaptation_medium_seed40017.jsonl
launch adaptation_medium_seed40018 limit=75m --case adaptation --scale medium --seed 40018 --threads 80 --out results/cognition_bench/20260706T141200Z_cluster2/adaptation_medium_seed40018.jsonl
launch adaptation_medium_seed40019 limit=75m --case adaptation --scale medium --seed 40019 --threads 80 --out results/cognition_bench/20260706T141200Z_cluster2/adaptation_medium_seed40019.jsonl
launch adaptation_medium_seed40020 limit=75m --case adaptation --scale medium --seed 40020 --threads 80 --out results/cognition_bench/20260706T141200Z_cluster2/adaptation_medium_seed40020.jsonl
launch adaptation_medium_seed40021 limit=75m --case adaptation --scale medium --seed 40021 --threads 80 --out results/cognition_bench/20260706T141200Z_cluster2/adaptation_medium_seed40021.jsonl
launch adaptation_medium_seed40022 limit=75m --case adaptation --scale medium --seed 40022 --threads 80 --out results/cognition_bench/20260706T141200Z_cluster2/adaptation_medium_seed40022.jsonl
launch adaptation_medium_seed40023 limit=75m --case adaptation --scale medium --seed 40023 --threads 80 --out results/cognition_bench/20260706T141200Z_cluster2/adaptation_medium_seed40023.jsonl
launch adaptation_medium_seed40024 limit=75m --case adaptation --scale medium --seed 40024 --threads 80 --out results/cognition_bench/20260706T141200Z_cluster2/adaptation_medium_seed40024.jsonl
launch adaptation_medium_seed40025 limit=75m --case adaptation --scale medium --seed 40025 --threads 80 --out results/cognition_bench/20260706T141200Z_cluster2/adaptation_medium_seed40025.jsonl
launch adaptation_medium_seed40026 limit=75m --case adaptation --scale medium --seed 40026 --threads 80 --out results/cognition_bench/20260706T141200Z_cluster2/adaptation_medium_seed40026.jsonl
launch adaptation_medium_seed40027 limit=75m --case adaptation --scale medium --seed 40027 --threads 80 --out results/cognition_bench/20260706T141200Z_cluster2/adaptation_medium_seed40027.jsonl
launch adaptation_medium_seed40028 limit=75m --case adaptation --scale medium --seed 40028 --threads 80 --out results/cognition_bench/20260706T141200Z_cluster2/adaptation_medium_seed40028.jsonl
launch adaptation_medium_seed40029 limit=75m --case adaptation --scale medium --seed 40029 --threads 80 --out results/cognition_bench/20260706T141200Z_cluster2/adaptation_medium_seed40029.jsonl
launch adaptation_medium_seed40030 limit=75m --case adaptation --scale medium --seed 40030 --threads 80 --out results/cognition_bench/20260706T141200Z_cluster2/adaptation_medium_seed40030.jsonl
launch adaptation_medium_seed40031 limit=75m --case adaptation --scale medium --seed 40031 --threads 80 --out results/cognition_bench/20260706T141200Z_cluster2/adaptation_medium_seed40031.jsonl
launch adaptation_medium_seed40032 limit=75m --case adaptation --scale medium --seed 40032 --threads 80 --out results/cognition_bench/20260706T141200Z_cluster2/adaptation_medium_seed40032.jsonl
launch adaptation_medium_seed40033 limit=75m --case adaptation --scale medium --seed 40033 --threads 80 --out results/cognition_bench/20260706T141200Z_cluster2/adaptation_medium_seed40033.jsonl
launch adaptation_medium_seed40034 limit=75m --case adaptation --scale medium --seed 40034 --threads 80 --out results/cognition_bench/20260706T141200Z_cluster2/adaptation_medium_seed40034.jsonl
launch adaptation_medium_seed40035 limit=75m --case adaptation --scale medium --seed 40035 --threads 80 --out results/cognition_bench/20260706T141200Z_cluster2/adaptation_medium_seed40035.jsonl
launch adaptation_medium_seed40036 limit=75m --case adaptation --scale medium --seed 40036 --threads 80 --out results/cognition_bench/20260706T141200Z_cluster2/adaptation_medium_seed40036.jsonl
launch adaptation_medium_seed40037 limit=75m --case adaptation --scale medium --seed 40037 --threads 80 --out results/cognition_bench/20260706T141200Z_cluster2/adaptation_medium_seed40037.jsonl
launch adaptation_medium_seed40038 limit=75m --case adaptation --scale medium --seed 40038 --threads 80 --out results/cognition_bench/20260706T141200Z_cluster2/adaptation_medium_seed40038.jsonl
launch adaptation_medium_seed40039 limit=75m --case adaptation --scale medium --seed 40039 --threads 80 --out results/cognition_bench/20260706T141200Z_cluster2/adaptation_medium_seed40039.jsonl
launch memory-pressure_medium_seed41000 limit=2h --case memory-pressure --scale medium --seed 41000 --threads 80 --out results/cognition_bench/20260706T141200Z_cluster2/memory-pressure_medium_seed41000.jsonl
launch memory-pressure_medium_seed41001 limit=2h --case memory-pressure --scale medium --seed 41001 --threads 80 --out results/cognition_bench/20260706T141200Z_cluster2/memory-pressure_medium_seed41001.jsonl
launch memory-pressure_medium_seed41002 limit=2h --case memory-pressure --scale medium --seed 41002 --threads 80 --out results/cognition_bench/20260706T141200Z_cluster2/memory-pressure_medium_seed41002.jsonl
launch memory-pressure_medium_seed41003 limit=2h --case memory-pressure --scale medium --seed 41003 --threads 80 --out results/cognition_bench/20260706T141200Z_cluster2/memory-pressure_medium_seed41003.jsonl
launch memory-pressure_medium_seed41004 limit=2h --case memory-pressure --scale medium --seed 41004 --threads 80 --out results/cognition_bench/20260706T141200Z_cluster2/memory-pressure_medium_seed41004.jsonl
launch memory-pressure_medium_seed41005 limit=2h --case memory-pressure --scale medium --seed 41005 --threads 80 --out results/cognition_bench/20260706T141200Z_cluster2/memory-pressure_medium_seed41005.jsonl
launch memory-pressure_medium_seed41006 limit=2h --case memory-pressure --scale medium --seed 41006 --threads 80 --out results/cognition_bench/20260706T141200Z_cluster2/memory-pressure_medium_seed41006.jsonl
launch memory-pressure_medium_seed41007 limit=2h --case memory-pressure --scale medium --seed 41007 --threads 80 --out results/cognition_bench/20260706T141200Z_cluster2/memory-pressure_medium_seed41007.jsonl
launch memory-pressure_medium_seed41008 limit=2h --case memory-pressure --scale medium --seed 41008 --threads 80 --out results/cognition_bench/20260706T141200Z_cluster2/memory-pressure_medium_seed41008.jsonl
launch memory-pressure_medium_seed41009 limit=2h --case memory-pressure --scale medium --seed 41009 --threads 80 --out results/cognition_bench/20260706T141200Z_cluster2/memory-pressure_medium_seed41009.jsonl
launch memory-pressure_medium_seed41010 limit=2h --case memory-pressure --scale medium --seed 41010 --threads 80 --out results/cognition_bench/20260706T141200Z_cluster2/memory-pressure_medium_seed41010.jsonl
launch memory-pressure_medium_seed41011 limit=2h --case memory-pressure --scale medium --seed 41011 --threads 80 --out results/cognition_bench/20260706T141200Z_cluster2/memory-pressure_medium_seed41011.jsonl
launch memory-pressure_medium_seed41012 limit=2h --case memory-pressure --scale medium --seed 41012 --threads 80 --out results/cognition_bench/20260706T141200Z_cluster2/memory-pressure_medium_seed41012.jsonl
launch memory-pressure_medium_seed41013 limit=2h --case memory-pressure --scale medium --seed 41013 --threads 80 --out results/cognition_bench/20260706T141200Z_cluster2/memory-pressure_medium_seed41013.jsonl
launch memory-pressure_medium_seed41014 limit=2h --case memory-pressure --scale medium --seed 41014 --threads 80 --out results/cognition_bench/20260706T141200Z_cluster2/memory-pressure_medium_seed41014.jsonl
launch memory-pressure_medium_seed41015 limit=2h --case memory-pressure --scale medium --seed 41015 --threads 80 --out results/cognition_bench/20260706T141200Z_cluster2/memory-pressure_medium_seed41015.jsonl
launch memory-pressure_medium_seed41016 limit=2h --case memory-pressure --scale medium --seed 41016 --threads 80 --out results/cognition_bench/20260706T141200Z_cluster2/memory-pressure_medium_seed41016.jsonl
launch memory-pressure_medium_seed41017 limit=2h --case memory-pressure --scale medium --seed 41017 --threads 80 --out results/cognition_bench/20260706T141200Z_cluster2/memory-pressure_medium_seed41017.jsonl
launch memory-pressure_medium_seed41018 limit=2h --case memory-pressure --scale medium --seed 41018 --threads 80 --out results/cognition_bench/20260706T141200Z_cluster2/memory-pressure_medium_seed41018.jsonl
launch memory-pressure_medium_seed41019 limit=2h --case memory-pressure --scale medium --seed 41019 --threads 80 --out results/cognition_bench/20260706T141200Z_cluster2/memory-pressure_medium_seed41019.jsonl
launch memory-pressure_medium_seed41020 limit=2h --case memory-pressure --scale medium --seed 41020 --threads 80 --out results/cognition_bench/20260706T141200Z_cluster2/memory-pressure_medium_seed41020.jsonl
launch memory-pressure_medium_seed41021 limit=2h --case memory-pressure --scale medium --seed 41021 --threads 80 --out results/cognition_bench/20260706T141200Z_cluster2/memory-pressure_medium_seed41021.jsonl
launch memory-pressure_medium_seed41022 limit=2h --case memory-pressure --scale medium --seed 41022 --threads 80 --out results/cognition_bench/20260706T141200Z_cluster2/memory-pressure_medium_seed41022.jsonl
launch memory-pressure_medium_seed41023 limit=2h --case memory-pressure --scale medium --seed 41023 --threads 80 --out results/cognition_bench/20260706T141200Z_cluster2/memory-pressure_medium_seed41023.jsonl
launch memory-pressure_medium_seed41024 limit=2h --case memory-pressure --scale medium --seed 41024 --threads 80 --out results/cognition_bench/20260706T141200Z_cluster2/memory-pressure_medium_seed41024.jsonl
launch memory-pressure_medium_seed41025 limit=2h --case memory-pressure --scale medium --seed 41025 --threads 80 --out results/cognition_bench/20260706T141200Z_cluster2/memory-pressure_medium_seed41025.jsonl
launch memory-pressure_medium_seed41026 limit=2h --case memory-pressure --scale medium --seed 41026 --threads 80 --out results/cognition_bench/20260706T141200Z_cluster2/memory-pressure_medium_seed41026.jsonl
launch memory-pressure_medium_seed41027 limit=2h --case memory-pressure --scale medium --seed 41027 --threads 80 --out results/cognition_bench/20260706T141200Z_cluster2/memory-pressure_medium_seed41027.jsonl
launch memory-pressure_medium_seed41028 limit=2h --case memory-pressure --scale medium --seed 41028 --threads 80 --out results/cognition_bench/20260706T141200Z_cluster2/memory-pressure_medium_seed41028.jsonl
launch memory-pressure_medium_seed41029 limit=2h --case memory-pressure --scale medium --seed 41029 --threads 80 --out results/cognition_bench/20260706T141200Z_cluster2/memory-pressure_medium_seed41029.jsonl
launch memory-pressure_medium_seed41030 limit=2h --case memory-pressure --scale medium --seed 41030 --threads 80 --out results/cognition_bench/20260706T141200Z_cluster2/memory-pressure_medium_seed41030.jsonl
launch memory-pressure_medium_seed41031 limit=2h --case memory-pressure --scale medium --seed 41031 --threads 80 --out results/cognition_bench/20260706T141200Z_cluster2/memory-pressure_medium_seed41031.jsonl
launch memory-pressure_large_seed42000 limit=3h --case memory-pressure --scale large --seed 42000 --threads 80 --out results/cognition_bench/20260706T141200Z_cluster2/memory-pressure_large_seed42000.jsonl
launch memory-pressure_large_seed42001 limit=3h --case memory-pressure --scale large --seed 42001 --threads 80 --out results/cognition_bench/20260706T141200Z_cluster2/memory-pressure_large_seed42001.jsonl
launch memory-pressure_large_seed42002 limit=3h --case memory-pressure --scale large --seed 42002 --threads 80 --out results/cognition_bench/20260706T141200Z_cluster2/memory-pressure_large_seed42002.jsonl
launch memory-pressure_large_seed42003 limit=3h --case memory-pressure --scale large --seed 42003 --threads 80 --out results/cognition_bench/20260706T141200Z_cluster2/memory-pressure_large_seed42003.jsonl
launch memory-pressure_large_seed42004 limit=3h --case memory-pressure --scale large --seed 42004 --threads 80 --out results/cognition_bench/20260706T141200Z_cluster2/memory-pressure_large_seed42004.jsonl
launch memory-pressure_large_seed42005 limit=3h --case memory-pressure --scale large --seed 42005 --threads 80 --out results/cognition_bench/20260706T141200Z_cluster2/memory-pressure_large_seed42005.jsonl
launch adaptation_large_probe_seed43000 limit=4h --case adaptation --scale large --seed 43000 --threads 80 --out results/cognition_bench/20260706T141200Z_cluster2/adaptation_large_probe_seed43000.jsonl
launch adaptation_large_probe_seed43001 limit=4h --case adaptation --scale large --seed 43001 --threads 80 --out results/cognition_bench/20260706T141200Z_cluster2/adaptation_large_probe_seed43001.jsonl
launch qa-depth_max_seed44000 limit=2h --case qa-depth --scale max --seed 44000 --threads 80 --out results/cognition_bench/20260706T141200Z_cluster2/qa-depth_max_seed44000.jsonl
launch qa-depth_max_seed44001 limit=2h --case qa-depth --scale max --seed 44001 --threads 80 --out results/cognition_bench/20260706T141200Z_cluster2/qa-depth_max_seed44001.jsonl
launch qa-depth_max_seed44002 limit=2h --case qa-depth --scale max --seed 44002 --threads 80 --out results/cognition_bench/20260706T141200Z_cluster2/qa-depth_max_seed44002.jsonl
launch qa-depth_max_seed44003 limit=2h --case qa-depth --scale max --seed 44003 --threads 80 --out results/cognition_bench/20260706T141200Z_cluster2/qa-depth_max_seed44003.jsonl
launch qa-depth_max_seed44004 limit=2h --case qa-depth --scale max --seed 44004 --threads 80 --out results/cognition_bench/20260706T141200Z_cluster2/qa-depth_max_seed44004.jsonl
launch qa-depth_max_seed44005 limit=2h --case qa-depth --scale max --seed 44005 --threads 80 --out results/cognition_bench/20260706T141200Z_cluster2/qa-depth_max_seed44005.jsonl
launch qa-depth_max_seed44006 limit=2h --case qa-depth --scale max --seed 44006 --threads 80 --out results/cognition_bench/20260706T141200Z_cluster2/qa-depth_max_seed44006.jsonl
launch qa-depth_max_seed44007 limit=2h --case qa-depth --scale max --seed 44007 --threads 80 --out results/cognition_bench/20260706T141200Z_cluster2/qa-depth_max_seed44007.jsonl
cluster=20260706T141200Z_cluster2 launched=88 pid_file=logs/20260706T141200Z_cluster2/pids.txt
