cognition_bench: case=all scale=Small seed=42 threads=80 out=results/cognition_bench/smoke_small_seed42.jsonl
wrote 20 results (20 passed) in 74.49s
	Command being timed: "./target/release/cognition_bench --case all --scale small --seed 42 --out results/cognition_bench/smoke_small_seed42.jsonl"
	User time (seconds): 74.48
	System time (seconds): 0.00
	Percent of CPU this job got: 99%
	Elapsed (wall clock) time (h:mm:ss or m:ss): 1:14.49
	Average shared text size (kbytes): 0
	Average unshared data size (kbytes): 0
	Average stack size (kbytes): 0
	Average total size (kbytes): 0
	Maximum resident set size (kbytes): 4400
	Average resident set size (kbytes): 0
	Major (requiring I/O) page faults: 0
	Minor (reclaiming a frame) page faults: 1765
	Voluntary context switches: 5
	Involuntary context switches: 178
	Swaps: 0
	File system inputs: 0
	File system outputs: 16
	Socket messages sent: 0
	Socket messages received: 0
	Signals delivered: 0
	Page size (bytes): 4096
	Exit status: 0
